INFO 2025-11-19 01:46:34,238 autoreload Watching for file changes with StatReloader
INFO 2025-11-19 01:46:43,738 basehttp "GET / HTTP/1.1" 200 19905
INFO 2025-11-19 01:46:46,055 basehttp "GET /cart/ HTTP/1.1" 200 12333
INFO 2025-11-19 01:46:47,754 basehttp "GET /user-logout/ HTTP/1.1" 302 0
INFO 2025-11-19 01:46:49,151 basehttp "GET / HTTP/1.1" 200 18268
INFO 2025-11-19 01:46:50,861 basehttp "GET /accounts/login/ HTTP/1.1" 200 10937
INFO 2025-11-19 01:46:55,261 basehttp "POST /accounts/login/ HTTP/1.1" 302 0
INFO 2025-11-19 01:46:56,753 basehttp "GET / HTTP/1.1" 200 19535
INFO 2025-11-19 01:47:00,146 basehttp "GET /user-logout/ HTTP/1.1" 302 0
INFO 2025-11-19 01:47:01,548 basehttp "GET / HTTP/1.1" 200 18268
INFO 2025-11-19 01:47:02,691 basehttp "GET /register/ HTTP/1.1" 200 12292
INFO 2025-11-19 01:47:56,192 basehttp "POST /register/ HTTP/1.1" 302 0
INFO 2025-11-19 01:47:56,196 basehttp "GET /accounts/login/ HTTP/1.1" 200 10937
INFO 2025-11-19 01:48:00,287 basehttp "POST /accounts/login/ HTTP/1.1" 302 0
INFO 2025-11-19 01:48:01,773 basehttp "GET / HTTP/1.1" 200 19535
INFO 2025-11-19 01:49:11,773 basehttp "GET /product/8/ HTTP/1.1" 200 30302
INFO 2025-11-19 01:49:13,671 basehttp "GET /wishlist/toggle/8/ HTTP/1.1" 302 0
INFO 2025-11-19 01:49:14,397 basehttp "GET /product/8/ HTTP/1.1" 200 30311
INFO 2025-11-19 01:49:16,354 basehttp "POST /add-to-cart/8/ HTTP/1.1" 302 0
INFO 2025-11-19 01:49:16,464 basehttp "GET /checkout/ HTTP/1.1" 200 15223
INFO 2025-11-19 01:49:24,765 basehttp "POST /checkout/ HTTP/1.1" 302 0
INFO 2025-11-19 01:49:24,871 basehttp "GET /order-success/ HTTP/1.1" 200 11337
INFO 2025-11-19 01:49:29,473 basehttp "GET / HTTP/1.1" 200 19535
INFO 2025-11-19 01:51:08,273 basehttp "GET /product/7/ HTTP/1.1" 200 29753
INFO 2025-11-19 01:51:20,693 basehttp "POST /add-review/7/ HTTP/1.1" 302 0
INFO 2025-11-19 01:51:21,479 basehttp "GET /product/7/ HTTP/1.1" 200 30216
INFO 2025-11-19 01:51:32,350 basehttp "GET / HTTP/1.1" 200 19535
INFO 2025-11-19 01:51:35,501 basehttp "GET /product/9/ HTTP/1.1" 200 30747
INFO 2025-11-19 01:51:39,194 basehttp "GET /product/7/ HTTP/1.1" 200 30216
INFO 2025-11-19 01:54:12,503 autoreload Watching for file changes with StatReloader
INFO 2025-11-19 01:54:14,191 basehttp "GET /wishlist/toggle/7/ HTTP/1.1" 302 0
INFO 2025-11-19 01:54:14,956 basehttp "GET /product/7/ HTTP/1.1" 200 30225
INFO 2025-11-19 01:54:14,984 basehttp "GET /media/logo.svg HTTP/1.1" 304 0
INFO 2025-11-19 01:54:26,358 basehttp "GET /wishlist/ HTTP/1.1" 200 12288
INFO 2025-11-19 01:54:31,598 basehttp "GET /wishlist HTTP/1.1" 301 0
INFO 2025-11-19 01:54:32,287 basehttp "GET /wishlist/ HTTP/1.1" 200 12288
INFO 2025-11-19 01:58:07,747 basehttp "GET / HTTP/1.1" 200 19535
INFO 2025-11-19 01:59:48,813 basehttp "GET /wishlist/ HTTP/1.1" 200 18630
INFO 2025-11-19 01:59:53,709 basehttp "GET /product/7/ HTTP/1.1" 200 30225
INFO 2025-11-19 02:00:09,647 basehttp "GET / HTTP/1.1" 200 19535
INFO 2025-11-19 02:03:20,144 basehttp "GET / HTTP/1.1" 200 19943
INFO 2025-11-19 02:03:21,792 basehttp "GET /wishlist/ HTTP/1.1" 200 19038
INFO 2025-11-19 02:03:25,294 basehttp "GET / HTTP/1.1" 200 19943
INFO 2025-11-19 02:05:27,906 basehttp "GET /product/7/ HTTP/1.1" 200 30633
INFO 2025-11-19 02:05:33,017 basehttp "GET /product/8/ HTTP/1.1" 200 30719
INFO 2025-11-19 02:05:42,116 basehttp "GET / HTTP/1.1" 200 19943
INFO 2025-11-19 02:10:09,234 autoreload E:\WebProjects\jebaenterprise\products\models.py changed, reloading.
INFO 2025-11-19 02:10:09,478 autoreload Watching for file changes with StatReloader
INFO 2025-11-19 02:18:54,588 autoreload Watching for file changes with StatReloader
INFO 2025-11-19 02:19:01,078 basehttp "GET / HTTP/1.1" 200 20569
INFO 2025-11-19 02:19:01,103 basehttp "GET /media/logo.svg HTTP/1.1" 304 0
INFO 2025-11-19 02:19:10,632 basehttp "GET / HTTP/1.1" 200 20569
INFO 2025-11-19 02:19:13,099 basehttp "GET /products/?sort=new HTTP/1.1" 200 14638
INFO 2025-11-19 02:19:19,188 basehttp "GET / HTTP/1.1" 200 20569
INFO 2025-11-19 02:19:20,410 basehttp "GET /products/ HTTP/1.1" 200 14630
INFO 2025-11-19 02:19:24,375 basehttp "GET / HTTP/1.1" 200 20569
INFO 2025-11-19 02:19:26,482 basehttp "GET /product/9/ HTTP/1.1" 200 31401
INFO 2025-11-19 02:19:31,667 basehttp "GET / HTTP/1.1" 200 20569
INFO 2025-11-19 02:19:36,105 basehttp "GET /user-logout/ HTTP/1.1" 302 0
INFO 2025-11-19 02:19:36,647 basehttp "GET / HTTP/1.1" 200 19302
INFO 2025-11-19 02:19:38,211 basehttp "GET /accounts/login/ HTTP/1.1" 200 11591
INFO 2025-11-19 02:19:42,388 basehttp "POST /accounts/login/ HTTP/1.1" 302 0
INFO 2025-11-19 02:19:43,041 basehttp "GET / HTTP/1.1" 200 21386
INFO 2025-11-19 02:19:47,863 basehttp "GET /product/9/ HTTP/1.1" 200 32218
INFO 2025-11-19 02:19:53,798 basehttp "GET /admin/ HTTP/1.1" 200 35904
INFO 2025-11-19 02:19:53,832 basehttp "GET /static/vendor/fontawesome-free/css/all.min.css HTTP/1.1" 304 0
INFO 2025-11-19 02:19:53,834 basehttp "GET /static/vendor/adminlte/css/adminlte.min.css HTTP/1.1" 304 0
INFO 2025-11-19 02:19:53,834 basehttp "GET /static/vendor/adminlte/img/AdminLTELogo.png HTTP/1.1" 304 0
INFO 2025-11-19 02:19:53,834 basehttp "GET /static/vendor/bootswatch/flatly/bootstrap.min.css HTTP/1.1" 304 0
INFO 2025-11-19 02:19:53,835 basehttp "GET /static/jazzmin/css/main.css HTTP/1.1" 304 0
INFO 2025-11-19 02:19:53,836 basehttp "GET /static/vendor/bootstrap/js/bootstrap.min.js HTTP/1.1" 304 0
INFO 2025-11-19 02:19:53,838 basehttp "GET /static/vendor/adminlte/js/adminlte.min.js HTTP/1.1" 304 0
INFO 2025-11-19 02:19:53,838 basehttp "GET /static/jazzmin/js/main.js HTTP/1.1" 304 0
INFO 2025-11-19 02:19:53,884 basehttp "GET /static/vendor/fontawesome-free/webfonts/fa-regular-400.woff2 HTTP/1.1" 304 0
INFO 2025-11-19 02:19:53,884 basehttp "GET /static/vendor/fontawesome-free/webfonts/fa-solid-900.woff2 HTTP/1.1" 304 0
INFO 2025-11-19 02:20:02,018 basehttp "GET /admin/products/product/ HTTP/1.1" 200 27520
INFO 2025-11-19 02:20:02,044 basehttp "GET /static/vendor/select2/css/select2.min.css HTTP/1.1" 304 0
INFO 2025-11-19 02:20:02,050 basehttp "GET /static/vendor/select2/js/select2.min.js HTTP/1.1" 304 0
INFO 2025-11-19 02:20:02,050 basehttp "GET /static/jazzmin/js/change_list.js HTTP/1.1" 304 0
INFO 2025-11-19 02:20:02,145 basehttp "GET /admin/jsi18n/ HTTP/1.1" 200 3342
INFO 2025-11-19 02:20:08,903 basehttp "POST /admin/products/product/ HTTP/1.1" 302 0
INFO 2025-11-19 02:20:09,420 basehttp "GET /admin/products/product/ HTTP/1.1" 200 28031
INFO 2025-11-19 02:20:09,542 basehttp "GET /admin/jsi18n/ HTTP/1.1" 200 3342
INFO 2025-11-19 02:20:13,379 basehttp "GET /product/9/ HTTP/1.1" 200 32218
INFO 2025-11-19 02:20:15,498 basehttp "GET / HTTP/1.1" 200 21372
INFO 2025-11-19 02:20:40,187 basehttp "GET /products/?sort=new HTTP/1.1" 200 15455
INFO 2025-11-19 02:20:43,834 basehttp "GET / HTTP/1.1" 200 21372
INFO 2025-11-19 02:20:53,114 basehttp "GET /search/?q=egg&image= HTTP/1.1" 200 15381
INFO 2025-11-19 02:21:01,910 basehttp "GET /search/?q=gun&image= HTTP/1.1" 200 15335
INFO 2025-11-19 02:21:05,424 basehttp "GET /search/?q=doi&image= HTTP/1.1" 200 15390
INFO 2025-11-19 02:21:07,371 basehttp "GET / HTTP/1.1" 200 21372
INFO 2025-11-19 02:36:42,247 autoreload Watching for file changes with StatReloader
INFO 2025-11-19 02:36:47,213 basehttp "GET / HTTP/1.1" 200 21372
INFO 2025-11-19 02:36:47,242 basehttp "GET /media/products/gallery/EGG-DESPANSOR-TRAY-1-1200x1072_1.jpeg HTTP/1.1" 304 0
INFO 2025-11-19 02:36:47,242 basehttp "GET /media/logo.svg HTTP/1.1" 304 0
INFO 2025-11-19 02:36:51,516 basehttp "GET /products/?sort=new HTTP/1.1" 200 23326
INFO 2025-11-19 02:37:00,169 basehttp "GET /products/?category=1 HTTP/1.1" 200 22459
INFO 2025-11-19 02:37:02,421 basehttp "GET /products/?category=1 HTTP/1.1" 200 22459
INFO 2025-11-19 02:37:05,802 basehttp "GET /products/?sort=new HTTP/1.1" 200 23326
INFO 2025-11-19 02:37:09,611 basehttp "GET /products/?sort=price-low HTTP/1.1" 200 23326
INFO 2025-11-19 02:37:12,728 basehttp "GET /products/?sort=price-high HTTP/1.1" 200 23326
INFO 2025-11-19 02:37:21,630 basehttp "GET /search/?q=egg&image= HTTP/1.1" 200 15381
INFO 2025-11-19 02:37:26,565 basehttp "GET / HTTP/1.1" 200 21372
INFO 2025-11-19 02:37:29,991 basehttp "GET /products/ HTTP/1.1" 200 23326
INFO 2025-11-19 02:37:57,282 basehttp "GET / HTTP/1.1" 200 21372
INFO 2025-11-19 02:38:01,966 basehttp "GET /products/ HTTP/1.1" 200 23326
INFO 2025-11-19 02:38:07,679 basehttp "GET / HTTP/1.1" 200 21372
INFO 2025-11-19 02:41:53,205 basehttp - Broken pipe from ('127.0.0.1', 59964)
INFO 2025-11-19 02:44:40,663 autoreload Watching for file changes with StatReloader
INFO 2025-11-19 02:44:49,764 basehttp "GET / HTTP/1.1" 200 21344
WARNING 2025-11-19 02:44:49,863 log Not Found: /favicon.ico
WARNING 2025-11-19 02:44:49,864 basehttp "GET /favicon.ico HTTP/1.1" 404 7663
WARNING 2025-11-19 02:44:56,445 log Not Found: /.well-known/appspecific/com.chrome.devtools.json
WARNING 2025-11-19 02:44:56,446 basehttp "GET /.well-known/appspecific/com.chrome.devtools.json HTTP/1.1" 404 7774
INFO 2025-11-19 02:45:22,238 basehttp "GET /search/?q=doi&image= HTTP/1.1" 200 18402
WARNING 2025-11-19 02:45:22,266 log Not Found: /.well-known/appspecific/com.chrome.devtools.json
WARNING 2025-11-19 02:45:22,267 basehttp "GET /.well-known/appspecific/com.chrome.devtools.json HTTP/1.1" 404 7774
INFO 2025-11-19 02:45:34,916 basehttp "GET /search/?q=doi&sort=new HTTP/1.1" 200 18408
INFO 2025-11-19 02:45:35,901 basehttp "GET /search/?q=doi&sort=price-low HTTP/1.1" 200 18408
INFO 2025-11-19 02:45:36,714 basehttp "GET /search/?q=doi&sort=price-high HTTP/1.1" 200 18408
INFO 2025-11-19 02:45:38,182 basehttp "GET /search/?q=doi&sort=new HTTP/1.1" 200 18408
INFO 2025-11-19 02:45:40,892 basehttp "GET /search/?q=a&image= HTTP/1.1" 200 20057
INFO 2025-11-19 02:45:42,802 basehttp "GET /search/?q=a&sort=new HTTP/1.1" 200 20063
INFO 2025-11-19 02:45:45,293 basehttp "GET /search/?q=a&sort=price-low HTTP/1.1" 200 20063
INFO 2025-11-19 02:45:46,274 basehttp "GET /search/?q=a&sort=price-high HTTP/1.1" 200 20063
INFO 2025-11-19 02:45:48,462 basehttp "GET /search/?q=a&category=1 HTTP/1.1" 200 19215
INFO 2025-11-19 02:45:51,655 basehttp "GET /search/?q=a HTTP/1.1" 200 20057
INFO 2025-11-19 02:45:55,077 basehttp "GET / HTTP/1.1" 200 21344
INFO 2025-11-19 02:46:01,910 basehttp "GET /products/ HTTP/1.1" 200 23326
WARNING 2025-11-19 02:46:03,767 log Not Found: /.well-known/appspecific/com.chrome.devtools.json
WARNING 2025-11-19 02:46:03,768 basehttp "GET /.well-known/appspecific/com.chrome.devtools.json HTTP/1.1" 404 7774
INFO 2025-11-19 02:49:51,337 basehttp "GET /products/ HTTP/1.1" 200 22800
WARNING 2025-11-19 02:49:51,357 log Not Found: /.well-known/appspecific/com.chrome.devtools.json
WARNING 2025-11-19 02:49:51,357 basehttp "GET /.well-known/appspecific/com.chrome.devtools.json HTTP/1.1" 404 7774
INFO 2025-11-19 02:49:51,364 basehttp "GET /media/products/gallery/Autamatic-Yogurt-Maker-1.7L.jpg HTTP/1.1" 304 0
INFO 2025-11-19 02:50:03,112 basehttp "GET /search/?q=egg&image= HTTP/1.1" 200 19654
WARNING 2025-11-19 02:50:03,137 log Not Found: /.well-known/appspecific/com.chrome.devtools.json
WARNING 2025-11-19 02:50:03,138 basehttp "GET /.well-known/appspecific/com.chrome.devtools.json HTTP/1.1" 404 7774
INFO 2025-11-19 02:50:09,961 basehttp "GET / HTTP/1.1" 200 21344
WARNING 2025-11-19 02:50:09,982 log Not Found: /.well-known/appspecific/com.chrome.devtools.json
WARNING 2025-11-19 02:50:09,983 basehttp "GET /.well-known/appspecific/com.chrome.devtools.json HTTP/1.1" 404 7774
INFO 2025-11-19 02:50:13,281 basehttp "GET /products/ HTTP/1.1" 200 22800
WARNING 2025-11-19 02:50:13,309 log Not Found: /.well-known/appspecific/com.chrome.devtools.json
WARNING 2025-11-19 02:50:13,309 basehttp "GET /.well-known/appspecific/com.chrome.devtools.json HTTP/1.1" 404 7774
INFO 2025-11-19 02:50:20,623 basehttp "GET / HTTP/1.1" 200 21344
WARNING 2025-11-19 02:50:20,651 log Not Found: /.well-known/appspecific/com.chrome.devtools.json
WARNING 2025-11-19 02:50:20,652 basehttp "GET /.well-known/appspecific/com.chrome.devtools.json HTTP/1.1" 404 7774
INFO 2025-11-19 02:50:22,314 basehttp "GET / HTTP/1.1" 200 21344
WARNING 2025-11-19 02:50:22,343 log Not Found: /.well-known/appspecific/com.chrome.devtools.json
WARNING 2025-11-19 02:50:22,344 basehttp "GET /.well-known/appspecific/com.chrome.devtools.json HTTP/1.1" 404 7774
INFO 2025-11-19 02:50:24,125 basehttp "GET / HTTP/1.1" 200 21344
WARNING 2025-11-19 02:50:24,159 log Not Found: /.well-known/appspecific/com.chrome.devtools.json
WARNING 2025-11-19 02:50:24,159 basehttp "GET /.well-known/appspecific/com.chrome.devtools.json HTTP/1.1" 404 7774
INFO 2025-11-19 03:12:24,224 autoreload Watching for file changes with StatReloader
INFO 2025-11-19 03:12:29,419 basehttp "GET / HTTP/1.1" 200 21395
INFO 2025-11-19 03:12:29,445 basehttp "GET /media/logo.svg HTTP/1.1" 304 0
INFO 2025-11-19 03:12:29,446 basehttp "GET /media/products/gallery/Fascial-Gun-1.jpg HTTP/1.1" 304 0
INFO 2025-11-19 03:12:31,616 basehttp "GET /product/7/ HTTP/1.1" 200 31687
INFO 2025-11-19 03:12:31,643 basehttp "GET /media/products/gallery/Fascial-Gun-3.jpg HTTP/1.1" 304 0
INFO 2025-11-19 03:12:31,644 basehttp "GET /media/products/gallery/Fascial-Gun-2.jpg HTTP/1.1" 304 0
INFO 2025-11-19 03:12:31,644 basehttp "GET /media/products/gallery/Fascial-Gun-4.jpg HTTP/1.1" 304 0
INFO 2025-11-19 03:12:35,827 basehttp "GET /product/8/ HTTP/1.1" 200 31773
INFO 2025-11-19 03:12:40,253 basehttp "GET / HTTP/1.1" 200 21395
INFO 2025-11-19 03:12:40,943 basehttp "GET /wishlist/ HTTP/1.1" 200 16691
INFO 2025-11-19 03:12:43,835 basehttp "GET / HTTP/1.1" 200 21395
INFO 2025-11-19 03:12:46,824 basehttp "GET /product/7/ HTTP/1.1" 200 31687
INFO 2025-11-19 03:12:48,323 basehttp "GET /wishlist/toggle/7/ HTTP/1.1" 302 0
INFO 2025-11-19 03:12:49,140 basehttp "GET /product/7/ HTTP/1.1" 200 31696
INFO 2025-11-19 03:12:53,224 basehttp "GET / HTTP/1.1" 200 21395
INFO 2025-11-19 03:12:57,027 basehttp "GET /products/ HTTP/1.1" 200 22800
INFO 2025-11-19 03:13:00,276 basehttp "GET /products/?sort=price-high HTTP/1.1" 200 22800
INFO 2025-11-19 03:13:02,690 basehttp "GET /wishlist/ HTTP/1.1" 200 18204
INFO 2025-11-19 03:13:05,415 basehttp "GET / HTTP/1.1" 200 21395
INFO 2025-11-19 03:13:58,178 basehttp "GET /admin/ HTTP/1.1" 200 33436
INFO 2025-11-19 03:13:58,200 basehttp "GET /static/vendor/fontawesome-free/css/all.min.css HTTP/1.1" 304 0
INFO 2025-11-19 03:13:58,200 basehttp "GET /static/vendor/adminlte/css/adminlte.min.css HTTP/1.1" 304 0
INFO 2025-11-19 03:13:58,201 basehttp "GET /static/vendor/bootswatch/flatly/bootstrap.min.css HTTP/1.1" 304 0
INFO 2025-11-19 03:13:58,201 basehttp "GET /static/jazzmin/css/main.css HTTP/1.1" 304 0
INFO 2025-11-19 03:13:58,202 basehttp "GET /static/vendor/adminlte/img/AdminLTELogo.png HTTP/1.1" 304 0
INFO 2025-11-19 03:13:58,206 basehttp "GET /static/vendor/adminlte/js/adminlte.min.js HTTP/1.1" 304 0
INFO 2025-11-19 03:13:58,206 basehttp "GET /static/vendor/bootstrap/js/bootstrap.min.js HTTP/1.1" 304 0
INFO 2025-11-19 03:13:58,207 basehttp "GET /static/jazzmin/js/main.js HTTP/1.1" 304 0
INFO 2025-11-19 03:13:58,246 basehttp "GET /static/vendor/fontawesome-free/webfonts/fa-solid-900.woff2 HTTP/1.1" 304 0
INFO 2025-11-19 03:13:58,246 basehttp "GET /static/vendor/fontawesome-free/webfonts/fa-regular-400.woff2 HTTP/1.1" 304 0
INFO 2025-11-19 03:14:13,424 basehttp "GET /admin/auth/user/1/change/ HTTP/1.1" 200 40587
INFO 2025-11-19 03:14:13,462 basehttp "GET /static/admin/js/calendar.js HTTP/1.1" 304 0
INFO 2025-11-19 03:14:13,462 basehttp "GET /static/vendor/select2/css/select2.min.css HTTP/1.1" 304 0
INFO 2025-11-19 03:14:13,462 basehttp "GET /static/admin/js/SelectBox.js HTTP/1.1" 304 0
INFO 2025-11-19 03:14:13,463 basehttp "GET /static/admin/js/admin/DateTimeShortcuts.js HTTP/1.1" 304 0
INFO 2025-11-19 03:14:13,463 basehttp "GET /static/admin/js/SelectFilter2.js HTTP/1.1" 304 0
INFO 2025-11-19 03:14:13,464 basehttp "GET /static/admin/js/change_form.js HTTP/1.1" 304 0
INFO 2025-11-19 03:14:13,476 basehttp "GET /static/admin/js/prepopulate_init.js HTTP/1.1" 304 0
INFO 2025-11-19 03:14:13,478 basehttp "GET /static/vendor/select2/js/select2.min.js HTTP/1.1" 304 0
INFO 2025-11-19 03:14:13,479 basehttp "GET /static/jazzmin/js/change_form.js HTTP/1.1" 304 0
INFO 2025-11-19 03:14:13,480 basehttp "GET /static/admin/img/icon-addlink.svg HTTP/1.1" 304 0
INFO 2025-11-19 03:14:13,550 basehttp "GET /admin/jsi18n/ HTTP/1.1" 200 3342
INFO 2025-11-19 03:14:18,391 basehttp "GET /static/jazzmin/img/selector-icons.svg HTTP/1.1" 200 3291
INFO 2025-11-19 03:15:35,876 autoreload E:\WebProjects\jebaenterprise\products\models.py changed, reloading.
INFO 2025-11-19 03:15:36,143 autoreload Watching for file changes with StatReloader
INFO 2025-11-19 03:16:36,104 autoreload E:\WebProjects\jebaenterprise\products\admin.py changed, reloading.
INFO 2025-11-19 03:16:36,343 autoreload Watching for file changes with StatReloader
INFO 2025-11-19 03:17:01,387 autoreload Watching for file changes with StatReloader
INFO 2025-11-19 03:17:13,265 basehttp "GET / HTTP/1.1" 200 21395
INFO 2025-11-19 03:17:14,896 basehttp "GET /product/7/ HTTP/1.1" 200 31696
INFO 2025-11-19 03:17:20,760 basehttp "GET / HTTP/1.1" 200 21395
INFO 2025-11-19 03:17:23,002 basehttp "GET /admin/products/product/ HTTP/1.1" 200 27528
INFO 2025-11-19 03:17:23,050 basehttp "GET /static/jazzmin/js/change_list.js HTTP/1.1" 304 0
INFO 2025-11-19 03:17:23,122 basehttp "GET /admin/jsi18n/ HTTP/1.1" 200 3342
INFO 2025-11-19 03:17:25,042 basehttp "GET /admin/products/product/7/change/ HTTP/1.1" 200 67942
INFO 2025-11-19 03:17:25,074 basehttp "GET /static/admin/js/inlines.js HTTP/1.1" 304 0
INFO 2025-11-19 03:17:25,078 basehttp "GET /static/admin/img/icon-changelink.svg HTTP/1.1" 304 0
INFO 2025-11-19 03:17:25,080 basehttp "GET /static/admin/img/icon-deletelink.svg HTTP/1.1" 304 0
INFO 2025-11-19 03:17:25,082 basehttp "GET /static/admin/img/icon-viewlink.svg HTTP/1.1" 304 0
INFO 2025-11-19 03:17:25,161 basehttp "GET /admin/jsi18n/ HTTP/1.1" 200 3342
INFO 2025-11-19 03:17:25,167 basehttp "GET /static/admin/img/icon-unknown.svg HTTP/1.1" 200 655
INFO 2025-11-19 03:17:47,028 basehttp "GET /admin/products/product/7/change/ HTTP/1.1" 200 67942
INFO 2025-11-19 03:20:08,843 basehttp "POST /admin/products/product/7/change/ HTTP/1.1" 302 0
INFO 2025-11-19 03:20:09,308 basehttp "GET /admin/products/product/ HTTP/1.1" 200 28106
INFO 2025-11-19 03:20:09,426 basehttp "GET /admin/jsi18n/ HTTP/1.1" 200 3342
INFO 2025-11-19 03:20:11,901 basehttp "GET / HTTP/1.1" 200 21434
INFO 2025-11-19 03:20:11,925 basehttp "GET /media/products/transparent/5cb2ef49-2c58-4805-b52a-845ce4c89781.png HTTP/1.1" 200 410471
INFO 2025-11-19 03:21:55,549 basehttp "GET /products/ HTTP/1.1" 200 22800
INFO 2025-11-19 03:21:58,032 basehttp "GET / HTTP/1.1" 200 21434
INFO 2025-11-19 03:21:58,058 basehttp "GET /media/products/transparent/5cb2ef49-2c58-4805-b52a-845ce4c89781.png HTTP/1.1" 304 0
INFO 2025-11-19 03:22:03,536 basehttp "GET /my-orders/ HTTP/1.1" 200 14582
INFO 2025-11-19 03:22:06,362 basehttp "GET / HTTP/1.1" 200 21434
INFO 2025-11-19 03:22:15,443 basehttp "GET /my-orders/ HTTP/1.1" 200 14582
INFO 2025-11-19 03:22:17,594 basehttp "GET /order/27/ HTTP/1.1" 200 15743
INFO 2025-11-19 03:22:23,231 basehttp "GET / HTTP/1.1" 200 21434
INFO 2025-11-19 03:22:23,254 basehttp "GET /media/products/transparent/5cb2ef49-2c58-4805-b52a-845ce4c89781.png HTTP/1.1" 304 0
INFO 2025-11-19 03:25:26,591 basehttp "GET / HTTP/1.1" 200 21822
INFO 2025-11-19 03:25:31,098 basehttp "GET / HTTP/1.1" 200 21822
WARNING 2025-11-19 03:25:37,378 log Not Found: /.well-known/appspecific/com.chrome.devtools.json
WARNING 2025-11-19 03:25:37,378 basehttp "GET /.well-known/appspecific/com.chrome.devtools.json HTTP/1.1" 404 7774
INFO 2025-11-19 03:26:00,585 basehttp "GET / HTTP/1.1" 200 22114
INFO 2025-11-19 03:26:00,616 basehttp "GET /media/products/transparent/5cb2ef49-2c58-4805-b52a-845ce4c89781.png HTTP/1.1" 304 0
WARNING 2025-11-19 03:26:06,260 log Not Found: /.well-known/appspecific/com.chrome.devtools.json
WARNING 2025-11-19 03:26:06,261 basehttp "GET /.well-known/appspecific/com.chrome.devtools.json HTTP/1.1" 404 7774
INFO 2025-11-19 03:26:48,334 basehttp "GET / HTTP/1.1" 200 21822
INFO 2025-11-19 03:26:53,788 basehttp "GET /product/7/ HTTP/1.1" 200 31696
INFO 2025-11-19 03:27:04,078 basehttp "GET /admin/products/product/7/change/ HTTP/1.1" 200 68348
INFO 2025-11-19 03:27:04,192 basehttp "GET /admin/jsi18n/ HTTP/1.1" 200 3342
INFO 2025-11-19 03:27:17,973 basehttp "POST /admin/products/product/7/change/ HTTP/1.1" 302 0
INFO 2025-11-19 03:27:18,448 basehttp "GET /admin/products/product/ HTTP/1.1" 200 28106
INFO 2025-11-19 03:27:18,567 basehttp "GET /admin/jsi18n/ HTTP/1.1" 200 3342
INFO 2025-11-19 03:27:20,935 basehttp "GET /admin/products/product/7/change/ HTTP/1.1" 200 67942
INFO 2025-11-19 03:27:21,048 basehttp "GET /admin/jsi18n/ HTTP/1.1" 200 3342
INFO 2025-11-19 03:27:27,322 basehttp "GET / HTTP/1.1" 200 21822
INFO 2025-11-19 03:27:29,444 basehttp "GET / HTTP/1.1" 200 21822
INFO 2025-11-19 03:27:34,964 basehttp "POST /admin/products/product/7/change/ HTTP/1.1" 302 0
INFO 2025-11-19 03:27:35,449 basehttp "GET /admin/products/product/ HTTP/1.1" 200 28106
INFO 2025-11-19 03:27:35,565 basehttp "GET /admin/jsi18n/ HTTP/1.1" 200 3342
INFO 2025-11-19 03:27:40,065 basehttp "GET / HTTP/1.1" 200 21822
INFO 2025-11-19 03:31:49,139 basehttp "GET / HTTP/1.1" 200 22457
INFO 2025-11-19 03:31:49,163 basehttp "GET /media/products/transparent/5cb2ef49-2c58-4805-b52a-845ce4c89781_qGPInEw.png HTTP/1.1" 200 410471
WARNING 2025-11-19 03:31:59,818 log Not Found: /.well-known/appspecific/com.chrome.devtools.json
WARNING 2025-11-19 03:31:59,820 basehttp "GET /.well-known/appspecific/com.chrome.devtools.json HTTP/1.1" 404 7774
WARNING 2025-11-19 03:32:42,841 log Not Found: /.well-known/appspecific/com.chrome.devtools.json
WARNING 2025-11-19 03:32:42,842 basehttp "GET /.well-known/appspecific/com.chrome.devtools.json HTTP/1.1" 404 7774
INFO 2025-11-19 03:35:18,071 basehttp "GET / HTTP/1.1" 200 21834
WARNING 2025-11-19 03:35:18,106 log Not Found: /.well-known/appspecific/com.chrome.devtools.json
INFO 2025-11-19 03:35:18,108 basehttp "GET /media/logo.svg HTTP/1.1" 304 0
WARNING 2025-11-19 03:35:18,109 basehttp "GET /.well-known/appspecific/com.chrome.devtools.json HTTP/1.1" 404 7774
INFO 2025-11-19 03:35:18,109 basehttp "GET /media/products/transparent/5cb2ef49-2c58-4805-b52a-845ce4c89781_qGPInEw.png HTTP/1.1" 304 0
INFO 2025-11-19 03:35:44,125 basehttp "GET /product/7/ HTTP/1.1" 200 31696
INFO 2025-11-19 03:38:06,739 basehttp "GET /product/7/ HTTP/1.1" 200 31696
INFO 2025-11-19 03:38:16,184 basehttp "GET / HTTP/1.1" 200 21834
INFO 2025-11-19 03:38:16,210 basehttp "GET /media/products/transparent/5cb2ef49-2c58-4805-b52a-845ce4c89781_qGPInEw.png HTTP/1.1" 304 0
INFO 2025-11-19 03:38:24,068 basehttp "GET /products/ HTTP/1.1" 200 22800
INFO 2025-11-19 03:38:26,901 basehttp "GET /product/9/ HTTP/1.1" 200 32218
INFO 2025-11-19 03:38:32,445 basehttp "GET / HTTP/1.1" 200 21834
INFO 2025-11-19 03:39:49,416 autoreload E:\WebProjects\jebaenterprise\products\models.py changed, reloading.
INFO 2025-11-19 03:39:49,668 autoreload Watching for file changes with StatReloader
